// Jest Snapshot v1, https://goo.gl/fbAQLP

exports[`Tabs should render correctly 1`] = `
<div
  className="movie-card__desc"
>
  <nav
    className="movie-nav movie-card__nav"
  >
    <ul
      className="movie-nav__list"
    >
      <li
        className="movie-nav__item movie-nav__item--active"
        onClick={[Function]}
      >
        <a
          className="movie-nav__link"
          href="#"
        >
          TabName1
        </a>
      </li>
      <li
        className="movie-nav__item "
        onClick={[Function]}
      >
        <a
          className="movie-nav__link"
          href="#"
        >
          TabName2
        </a>
      </li>
      <li
        className="movie-nav__item "
        onClick={[Function]}
      >
        <a
          className="movie-nav__link"
          href="#"
        >
          TabName3
        </a>
      </li>
    </ul>
  </nav>
  TabName1
</div>
`;
